// Jest Snapshot v1, https://goo.gl/fbAQLP

exports[`correctly renders after clicking add case button 1`] = `
<DocumentFragment>
  <section>
    <div
      class="bg-gray-blue-2 shadow br3 overflow-auto mb3"
    >
      <div
        class="f6 f5-l bg-gray-blue-3 shadow br3 pa1 mb4"
        id="new-case"
      >
        <div
          class="cf relative pv2 pr5 pr6-ns"
        />
        <div
          data-reach-disclosure-panel=""
          data-state="open"
          id="case-edit-CASE-0001"
          tabindex="-1"
        >
          <form
            class="pa3"
          >
             
            <fieldset
              class="mw6 pa0"
            >
              <legend
                class="visually-hidden"
              >
                Edit Case
              </legend>
              <fieldset
                class="mb3 pa0"
              >
                <legend
                  class="fw6"
                >
                  Current Status
                </legend>
                <div
                  class="radio"
                >
                  <div
                    class="dib"
                  >
                    <input
                      id="case_edit_status_open_CASE-0001"
                      name="current_status"
                      type="radio"
                      value="Open"
                    />
                    <label
                      for="case_edit_status_open_CASE-0001"
                    >
                      Open
                    </label>
                  </div>
                  <div
                    class="dib"
                  >
                    <input
                      id="case_edit_status_closed_CASE-0001"
                      name="current_status"
                      type="radio"
                      value="Closed"
                    />
                    <label
                      for="case_edit_status_closed_CASE-0001"
                    >
                      Closed
                    </label>
                  </div>
                </div>
              </fieldset>
              <div
                class="mw5 mb3"
              >
                <label
                  class="db mb1 fw6"
                  for="case_edit_location_CASE-0001"
                >
                  County
                </label>
                <div
                  class="relative mb3"
                >
                  <select
                    class="w-100 pa3 br2 bw1 b--black-20 input-reset bg-white"
                    id="case_edit_location_CASE-0001"
                    name="location"
                  >
                    <option
                      value=""
                    >
                      ---
                    </option>
                    <option
                      value="Baker"
                    >
                      Baker
                    </option>
                    <option
                      value="Benton"
                    >
                      Benton
                    </option>
                    <option
                      value="Clackamas"
                    >
                      Clackamas
                    </option>
                    <option
                      value="Clatsop"
                    >
                      Clatsop
                    </option>
                    <option
                      value="Columbia"
                    >
                      Columbia
                    </option>
                    <option
                      value="Coos"
                    >
                      Coos
                    </option>
                    <option
                      value="Crook"
                    >
                      Crook
                    </option>
                    <option
                      value="Curry"
                    >
                      Curry
                    </option>
                    <option
                      value="Deschutes"
                    >
                      Deschutes
                    </option>
                    <option
                      value="Douglas"
                    >
                      Douglas
                    </option>
                    <option
                      value="Gilliam"
                    >
                      Gilliam
                    </option>
                    <option
                      value="Grant"
                    >
                      Grant
                    </option>
                    <option
                      value="Harney"
                    >
                      Harney
                    </option>
                    <option
                      value="Hood River"
                    >
                      Hood River
                    </option>
                    <option
                      value="Jackson"
                    >
                      Jackson
                    </option>
                    <option
                      value="Jefferson"
                    >
                      Jefferson
                    </option>
                    <option
                      value="Josephine"
                    >
                      Josephine
                    </option>
                    <option
                      value="Klamath"
                    >
                      Klamath
                    </option>
                    <option
                      value="Lake"
                    >
                      Lake
                    </option>
                    <option
                      value="Lane"
                    >
                      Lane
                    </option>
                    <option
                      value="Lincoln"
                    >
                      Lincoln
                    </option>
                    <option
                      value="Linn"
                    >
                      Linn
                    </option>
                    <option
                      value="Malheur"
                    >
                      Malheur
                    </option>
                    <option
                      value="Marion"
                    >
                      Marion
                    </option>
                    <option
                      value="Morrow"
                    >
                      Morrow
                    </option>
                    <option
                      value="Multnomah"
                    >
                      Multnomah
                    </option>
                    <option
                      value="Polk"
                    >
                      Polk
                    </option>
                    <option
                      value="Sherman"
                    >
                      Sherman
                    </option>
                    <option
                      value="Tillamook"
                    >
                      Tillamook
                    </option>
                    <option
                      value="Umatilla"
                    >
                      Umatilla
                    </option>
                    <option
                      value="Union"
                    >
                      Union
                    </option>
                    <option
                      value="Wallowa"
                    >
                      Wallowa
                    </option>
                    <option
                      value="Wasco"
                    >
                      Wasco
                    </option>
                    <option
                      value="Washington"
                    >
                      Washington
                    </option>
                    <option
                      value="Wheeler"
                    >
                      Wheeler
                    </option>
                    <option
                      value="Yamhill"
                    >
                      Yamhill
                    </option>
                  </select>
                  <div
                    class="absolute pa3 right-0 top-0 bottom-0 pointer-events-none"
                  >
                    <i
                      aria-hidden="true"
                      class="fas fa-angle-down"
                    />
                  </div>
                </div>
              </div>
              <div
                class="mw5 mb3"
              >
                <label
                  class="db fw6 mb1"
                  for="case_edit_balance_CASE-0001"
                >
                  Balance
                </label>
                <div
                  class="relative"
                >
                  <div
                    class="absolute top-0 bottom-0 pl3 flex items-center"
                  >
                    <span>
                      $
                    </span>
                  </div>
                  <input
                    aria-invalid="false"
                    class="w-100 br2 b--black-20 pa3 pl4"
                    id="case_edit_balance_CASE-0001"
                    name="balance"
                    required=""
                    type="text"
                    value="0.00"
                  />
                </div>
              </div>
              <div
                class="mw5 mb4"
              >
                <label
                  class="db fw6 mb1"
                  for="case_edit_birthyear_CASE-0001"
                >
                  Birth Year 
                  <span
                    class="normal"
                  >
                    yyyy
                  </span>
                </label>
                <input
                  aria-invalid="false"
                  class="w-100 br2 b--black-20 pa3"
                  id="case_edit_birthyear_CASE-0001"
                  name="birth_year"
                  required=""
                  type="text"
                  value=""
                />
              </div>
              <div
                class="flex items-center mb3"
              >
                <button
                  class="fw6 br2 bg-blue white bg-animate hover-bg-dark-blue pa3 mr4"
                >
                  Create Case
                </button>
                <button
                  class="fw6 blue link hover-dark-blue mr4"
                >
                  Cancel
                </button>
              </div>
              <div
                class="black-70 w-100"
                role="alert"
              />
               
            </fieldset>
          </form>
        </div>
        <ul
          class="list"
        />
      </div>
    </div>
    <div
      class="tr"
    />
  </section>
</DocumentFragment>
`;

exports[`correctly renders after clicking add case button 2`] = `
<DocumentFragment>
  <section>
    <div
      class="tr"
    >
      <button
        class="tr mid-gray link hover-blue fw6"
      >
        <span
          aria-hidden="true"
          class="fas fa-plus-circle"
        />
        <span
          class="visually-hidden"
        >
          Add
        </span>
         Case
      </button>
      <div
        class="pb3"
      />
    </div>
  </section>
</DocumentFragment>
`;

exports[`displays request errors 1`] = `
<DocumentFragment>
  <p
    class="bg-washed-red mv3 pa3 br3 fw6"
    id="record_error_0"
    role="status"
  >
    first error
  </p>
  <p
    class="bg-washed-red mv3 pa3 br3 fw6"
    id="record_error_1"
    role="status"
  >
    second errorz
  </p>
  <section>
    <div
      class="bg-white shadow br3 mb3 ph3 pb3"
    >
      <div
        class="flex flex-wrap justify-end mb1"
      >
        <div
          class="flex flex-wrap items-center mv1 mr-auto"
        >
          <h2
            class="f5 fw7 mr3"
          >
            Search Summary
          </h2>
          <fieldset
            aria-label="Summary overview sort options"
            class="flex flex-wrap radio radio-sm ml1"
            dir="ltr"
            role="radiogroup"
          >
            <p>
              <input
                aria-checked="true"
                checked=""
                id="summary-overview-sort-options-charges"
                name="summary overview sort options"
                type="radio"
                value="Charges"
              />
              <label
                for="summary-overview-sort-options-charges"
              >
                Charges
              </label>
            </p>
            <p>
              <input
                aria-checked="false"
                id="summary-overview-sort-options-cases"
                name="summary overview sort options"
                type="radio"
                value="Cases"
              />
              <label
                for="summary-overview-sort-options-cases"
              >
                Cases
              </label>
            </p>
          </fieldset>
        </div>
        <button
          class="ma2 nowrap mid-gray link hover-blue fw6 br3 pv1 ph2"
        >
          <i
            aria-hidden="true"
            class="fas fa-bolt pr2"
          />
          Generate Paperwork
        </button>
        <button
          class="ma2 nowrap mid-gray link hover-blue fw6 br3 pv1 ph2"
        >
          <i
            aria-hidden="true"
            class="fas fa-download pr2"
          />
          Summary PDF
        </button>
      </div>
      <div
        class="flex-ns flex-wrap"
      >
        <div
          class="w-100 w-two-thirds-l"
        >
          <h3
            class="bt b--light-gray pt2 mb3"
          >
            <span
              class="fw7"
            >
              Cases
            </span>
             (0)
          </h3>
          <h3
            class="bt b--light-gray pt2 mb3"
          >
            <span
              class="fw7"
            >
              Charges
            </span>
             (0)
            <p
              class="f6 fw5 pt1"
            >
              Excludes traffic violations
            </p>
          </h3>
          <div
            class="mb3"
          >
            <div
              class="green bb b--light-gray lh-copy pb1"
            >
              <span
                class="fw7 mb2"
              >
                Eligible Now
              </span>
               
            </div>
            <ul
              class="list"
            />
          </div>
        </div>
        <div
          class="w-100 w-33-l ph3-l mb3"
        >
          <div
            class="mb4"
          >
            <h3
              class="fw7 bt b--light-gray pt2 mb3"
            >
              Balance due by county 
              <a
                class=" gray link hover-blue underline"
                href="/manual#paybalances"
              >
                <i
                  aria-hidden="true"
                  class="fas fa-question-circle link hover-dark-blue"
                />
                <span
                  class="visually-hidden"
                >
                  Learn more about balances
                </span>
              </a>
            </h3>
            <ul
              class="mw5 list"
            >
              None
            </ul>
          </div>
        </div>
      </div>
    </div>
    <div
      class="tr"
    >
      <button
        class="inline-flex bg-white f6 fw5 br2 ba b--black-10 mid-gray link hover-blue pv1 ph2 mb3"
      >
        Enable Editing
      </button>
       
      <a
        class=" gray link hover-blue underline"
        href="/manual#editing"
      >
        <i
          aria-hidden="true"
          class="fas fa-question-circle link hover-dark-blue gray"
        />
        <span
          class="visually-hidden"
        >
          Editing Help
        </span>
      </a>
    </div>
    <div
      class="mb3"
    >
      <ul
        class="list"
      />
    </div>
  </section>
</DocumentFragment>
`;
