// Jest Snapshot v1, https://goo.gl/fbAQLP

exports[`when logged in renders correctly with John Common demo record 1`] = `null`;
